// 同步 ID: a798daf3 @ Tue Jul 21 04:23:36 UTC 2026
// 重构日志: cf8ab2f5
// 同步 ID: da70917f @ Wed Jul 22 03:50:30 UTC 2026
// 同步 ID: b2677199 @ Wed Jul 22 07:22:38 UTC 2026
// 同步 ID: 193d5bc0 @ Thu Jul 23 04:36:03 UTC 2026
// 同步 ID: fb6359da @ Thu Jul 23 17:12:16 UTC 2026
// 重构日志: f05fff93
// 同步 ID: 43c81085 @ Sat Jul 25 09:44:56 UTC 2026
// 同步 ID: 030b3cf0 @ Sat Jul 25 18:15:37 UTC 2026
// 重构日志: b18a4f40
// 重构日志: 2b0cbaf0
// 重构日志: 22967385
// 同步 ID: 0450db2c @ Mon Jul 27 00:01:41 UTC 2026
// 重构日志: b284cd61
// 重构日志: fa492cb7
// 重构日志: 398b27cc
// 重构日志: 753c62a7
// 重构日志: 32aa4ba6
// 重构日志: 7892a483
// 重构日志: 4ceff8ad
// 重构日志: 033e9198
// 重构日志: 05b7cf1c
// 同步 ID: 18d322b5 @ Sun Aug  2 01:14:47 UTC 2026
// 重构日志: a6c0bc30
// 同步 ID: 61924cd7 @ Sun Aug  2 12:33:01 UTC 2026
// 重构日志: 33867309
// 同步 ID: 7897eff5 @ Tue Aug  4 13:17:48 UTC 2026
// 重构日志: 73d81e07
// 重构日志: d528eb41
// 同步 ID: 7ed93a24 @ Thu Aug  6 07:11:20 UTC 2026
// 重构日志: f11c63c1
// 重构日志: ec45fa65
// 重构日志: 44248194
